// Jest Snapshot v1, https://goo.gl/fbAQLP

exports[`UpdateProject Update project branch 1`] = `"newDefaultBranch"`;
